C51 COMPILER V9.00   LIGHT_MAIN                                                            04/25/2015 14:31:17 PAGE 1   


C51 COMPILER V9.00, COMPILATION OF MODULE LIGHT_MAIN
OBJECT MODULE PLACED IN .\output\light_main.obj
COMPILER INVOKED BY: F:\keil_for_51\C51\BIN\C51.EXE user\light_main.c BROWSE DEBUG OBJECTEXTEND PRINT(.\light_main.lst) 
                    -OBJECT(.\output\light_main.obj)

line level    source

   1          #include <reg52.h>
   2          #include <intrins.h>
   3          
   4          #define uint unsigned int
   5          
   6          void delay_on(uint delay_time)
   7          {
   8   1              uint i;
   9   1              uint j;
  10   1              for(i=0;i<=delay_time;i++)
  11   1                      for(j=0;j<=delay_time;j++);
  12   1      }
  13          
  14          //unsigned char code table[]={
  15          //0x3f,0x06,0x5b,0x4f,
  16          //0x66,0x6d,0x7d,0x07,
  17          //0x7f,0x6f,0x77,0x7c,
  18          //0x39,0x5e,0x79,0x71};
  19          
  20          void main()
  21          {       
  22   1              int temp;
  23   1              int led_count;
  24   1              while(1)
  25   1              {
  26   2                      P0=0xfe;        //P0^0输出低电平
  27   2                      temp = P0;
  28   2                      for(led_count=7;led_count>=0;led_count--)
  29   2                      {
  30   3                              delay_on(255);
  31   3      //                      temp = temp<<1;
  32   3      //                      temp += 1;
  33   3      //                      P0 = temp;
  34   3                      temp = _crol_(temp, 1);         // _crol_将temp循环左移1位，无需像上面再加1
  35   3                      P0 = temp;
  36   3                      }
  37   2              }       
  38   1      }


MODULE INFORMATION:   STATIC OVERLAYABLE
   CODE SIZE        =     95    ----
   CONSTANT SIZE    =   ----    ----
   XDATA SIZE       =   ----    ----
   PDATA SIZE       =   ----    ----
   DATA SIZE        =   ----       2
   IDATA SIZE       =   ----    ----
   BIT SIZE         =   ----    ----
END OF MODULE INFORMATION.


C51 COMPILATION COMPLETE.  0 WARNING(S),  0 ERROR(S)
